<?xml version="1.0" encoding="utf-8" standalone="yes"?><rss version="2.0" xmlns:atom="http://www.w3.org/2005/Atom"><channel><title>expected on Datafortress.cloud</title><link>https://datafortress.cloud/tags/expected/</link><description>Recent content in expected on Datafortress.cloud</description><generator>Hugo -- gohugo.io</generator><language>en-us</language><lastBuildDate>Wed, 08 Sep 2021 12:40:24 +0600</lastBuildDate><atom:link href="https://datafortress.cloud/tags/expected/index.xml" rel="self" type="application/rss+xml"/><item><title>Tech NEWS 2021-09-08</title><link>https://datafortress.cloud/blog/tech-news-2021-09-08/</link><pubDate>Wed, 08 Sep 2021 12:40:24 +0600</pubDate><guid>https://datafortress.cloud/blog/tech-news-2021-09-08/</guid><description>Apple Event Announced: &amp;lsquo;California Streaming&amp;rsquo; on September 14 With iPhone 13, Apple Watch Series 7 Expected (3 minute read) Apple&amp;rsquo;s next event will be on September 14 at 10 am.</description></item><item><title>Tech NEWS 2021-03-25</title><link>https://datafortress.cloud/blog/tech-news-2021-03-25/</link><pubDate>Thu, 25 Mar 2021 12:40:24 +0600</pubDate><guid>https://datafortress.cloud/blog/tech-news-2021-03-25/</guid><description>Pfizer trials new pill that could stop early-stage Covid in its tracks (3 minute read) Pfizer has started stage one clinical trials on an oral pill designed to be an early intervention for Covid-19.</description></item></channel></rss>